Error in loadNamespace(x) : there is no package called ‘hacer’

Attaching package: ‘glinty’

The following object is masked from ‘package:utils’:

    page

The following object is masked from ‘package:base’:

    row

glinty app running at http://localhost:8490
listening on all interfaces (base R sockets cannot bind selectively); gate sessions with auth = and scope the port with a firewall or namespace
auth: none (every connection accepted)

Attaching package: ‘graphics’

The following object is masked from ‘package:glinty’:

    image

[trace 40094e] {"type":"welcome","session":"40094ea5b7e9b422dbfa479196b50db4","protoc
[trace 40094e] {"type":"output","id":"main_plot","kind":"image","value":{"src":"data:
[trace 2b6476] {"type":"welcome","session":"2b6476f2684e9a3a32a1653c39d32b6f","protoc
[trace 2b6476] {"type":"output","id":"main_plot","kind":"image","value":{"src":"data:
[trace 04022c] {"type":"welcome","session":"04022cdc573c8884d0bbfce854545b6e","protoc
[trace 04022c] {"type":"output","id":"main_plot","kind":"image","value":{"src":"data:
[trace 04022c] {"type":"output","id":"main_plot","kind":"image","value":{"src":"data:
[trace 964018] {"type":"welcome","session":"964018d0705ddccc6130234005890528","protoc
[trace 964018] {"type":"output","id":"main_plot","kind":"image","value":{"src":"data:
[trace 964018] {"type":"output","id":"main_plot","kind":"image","value":{"src":"data:
[trace 44491c] {"type":"welcome","session":"44491cd464d014a3dce4cdf9251362eb","protoc
[trace 44491c] {"type":"output","id":"main_plot","kind":"image","value":{"src":"data:
[trace 44491c] {"type":"output","id":"main_plot","kind":"image","value":{"src":"data:
[trace d7a8d3] {"type":"welcome","session":"d7a8d307ee01bf3f8852fd95d3666d97","protoc
[trace d7a8d3] {"type":"output","id":"main_plot","kind":"image","value":{"src":"data:
[trace d7a8d3] {"type":"output","id":"main_plot","kind":"image","value":{"src":"data:
[trace 11222f] {"type":"welcome","session":"11222f93c3b49bc88f7f38b4cd8e751c","protoc
[trace 11222f] {"type":"output","id":"main_plot","kind":"image","value":{"src":"data:
[trace 44491c] {"type":"output","id":"main_plot","kind":"image","value":{"src":"data:
[trace 44491c] {"type":"output","id":"main_plot","kind":"image","value":{"src":"data:
[trace 4b37cb] {"type":"welcome","session":"4b37cb2881723cfb0120f3ebc9844692","protoc
[trace 4b37cb] {"type":"output","id":"main_plot","kind":"image","value":{"src":"data:
[trace 4b37cb] {"type":"output","id":"main_plot","kind":"image","value":{"src":"data:
[trace cadc40] {"type":"welcome","session":"cadc4099dfa94a5457a7c7ceb0cc307e","protoc
[trace cadc40] {"type":"output","id":"main_plot","kind":"image","value":{"src":"data:
[trace cadc40] {"type":"output","id":"main_plot","kind":"image","value":{"src":"data:
[trace ab9920] {"type":"welcome","session":"ab99206f1e3b75453b000f440364d9b9","protoc
[trace ab9920] {"type":"output","id":"main_plot","kind":"image","value":{"src":"data:
[trace ab9920] {"type":"output","id":"main_plot","kind":"image","value":{"src":"data:
[trace 222802] {"type":"welcome","session":"22280212185bbc6a0c41acb44d5ce219","protoc
[trace 222802] {"type":"output","id":"main_plot","kind":"image","value":{"src":"data:
[trace 222802] {"type":"output","id":"main_plot","kind":"image","value":{"src":"data:
